// Jest Snapshot v1, https://goo.gl/fbAQLP

exports[`should render correctly 1`] = `
<Fragment>
  <AlertClassicEditor />
  <ol
    className="list-styled big-spacer-top"
  >
    <li>
      <SentenceWithHighlights
        highlightKeys={
          Array [
            "pipeline",
            "task",
            "before",
          ]
        }
        translationKey="onboarding.tutorial.with.azure_pipelines.BranchAnalysis.prepare"
      />
    </li>
    <PrepareAnalysisCommand
      buildTool="other"
      kind={1}
      projectKey="projectKey"
    />
    <li>
      <SentenceWithHighlights
        highlightKeys={
          Array [
            "task",
            "after",
          ]
        }
        translationKey="onboarding.tutorial.with.azure_pipelines.BranchAnalysis.run"
      />
    </li>
    <Connect(withAppState(PublishSteps)) />
  </ol>
</Fragment>
`;
