// Jest Snapshot v1, https://goo.gl/fbAQLP

exports[`should render correctly: additional content 1`] = `
<header
  className="huge-spacer-bottom bordered-bottom overflow-hidden"
>
  <h1
    className="pull-left huge big-spacer-bottom"
  >
    Foo
  </h1>
  Bar
</header>
`;

exports[`should render correctly: default 1`] = `
<header
  className="huge-spacer-bottom bordered-bottom overflow-hidden"
>
  <h1
    className="pull-left huge big-spacer-bottom"
  >
    Foo
  </h1>
</header>
`;
