// Jest Snapshot v1, https://goo.gl/fbAQLP

exports[`should render correctly 1`] = `
<li
  className="little-spacer-bottom"
>
  <FormattedMessage
    defaultMessage="marketplace.developed_by_x"
    id="marketplace.developed_by_x"
    values={
      Object {
        "organization": <a
          className="js-plugin-organization"
          href="org_url"
          rel="noopener noreferrer"
          target="_blank"
        >
          org
        </a>,
      }
    }
  />
</li>
`;
