// Jest Snapshot v1, https://goo.gl/fbAQLP

exports[`should render 1`] = `
<div
  className="concise-issue-component text-ellipsis note"
  title="src/app/folder/sub-folder/long-folder/name/app.js"
>
  src/app/folder/sub-folder/long-folder/name/app.js
</div>
`;
