// Jest Snapshot v1, https://goo.gl/fbAQLP

exports[`should render correctly 1`] = `
<ContextProvider
  value={
    Object {
      "branchLike": Object {
        "analysisDate": "2018-01-01",
        "excludedFromPurge": true,
        "isMain": true,
        "name": "master",
      },
      "file": Object {
        "key": "foo",
        "leakPeriodDate": "2018-06-20T17:12:19+0200",
        "measures": Object {
          "coverage": "85.2",
          "duplicationDensity": "1.0",
          "issues": "12",
          "lines": "56",
        },
        "path": "foo/bar.ts",
        "project": "my-project",
        "projectName": "MyProject",
        "q": "FIL",
        "uuid": "foo-bar",
      },
    }
  }
>
  <div
    className="source-viewer"
  >
    <ContextConsumer>
      <Component />
    </ContextConsumer>
    <SourceViewerCode
      branchLike={
        Object {
          "analysisDate": "2018-01-01",
          "excludedFromPurge": true,
          "isMain": true,
          "name": "master",
        }
      }
      componentKey="my-component"
      displayAllIssues={false}
      displayIssueLocationsCount={true}
      displayIssueLocationsLink={true}
      displayLocationMarkers={true}
      duplicationsByLine={Object {}}
      hasSourcesAfter={false}
      hasSourcesBefore={false}
      highlightedSymbols={Array []}
      issueLocationsByLine={
        Object {
          "25": Array [
            Object {
              "from": 0,
              "line": 25,
              "to": 999999,
            },
          ],
          "26": Array [
            Object {
              "from": 0,
              "line": 26,
              "to": 15,
            },
          ],
        }
      }
      issues={
        Array [
          Object {
            "actions": Array [],
            "component": "main.js",
            "componentLongName": "main.js",
            "componentQualifier": "FIL",
            "componentUuid": "foo1234",
            "creationDate": "2017-03-01T09:36:01+0100",
            "flows": Array [],
            "fromHotspot": false,
            "key": "AVsae-CQS-9G3txfbFN2",
            "line": 25,
            "message": "Reduce the number of conditional operators (4) used in the expression",
            "project": "myproject",
            "projectKey": "foo",
            "projectName": "Foo",
            "rule": "javascript:S1067",
            "ruleName": "foo",
            "secondaryLocations": Array [],
            "severity": "MAJOR",
            "status": "OPEN",
            "textRange": Object {
              "endLine": 26,
              "endOffset": 15,
              "startLine": 25,
              "startOffset": 0,
            },
            "transitions": Array [],
            "type": "BUG",
          },
        ]
      }
      issuesByLine={
        Object {
          "26": Array [
            Object {
              "actions": Array [],
              "component": "main.js",
              "componentLongName": "main.js",
              "componentQualifier": "FIL",
              "componentUuid": "foo1234",
              "creationDate": "2017-03-01T09:36:01+0100",
              "flows": Array [],
              "fromHotspot": false,
              "key": "AVsae-CQS-9G3txfbFN2",
              "line": 25,
              "message": "Reduce the number of conditional operators (4) used in the expression",
              "project": "myproject",
              "projectKey": "foo",
              "projectName": "Foo",
              "rule": "javascript:S1067",
              "ruleName": "foo",
              "secondaryLocations": Array [],
              "severity": "MAJOR",
              "status": "OPEN",
              "textRange": Object {
                "endLine": 26,
                "endOffset": 15,
                "startLine": 25,
                "startOffset": 0,
              },
              "transitions": Array [],
              "type": "BUG",
            },
          ],
        }
      }
      loadDuplications={[Function]}
      loadSourcesAfter={[Function]}
      loadSourcesBefore={[Function]}
      loadingSourcesAfter={false}
      loadingSourcesBefore={false}
      onIssueChange={[Function]}
      onIssuePopupToggle={[Function]}
      onIssueSelect={[Function]}
      onIssueUnselect={[Function]}
      onIssuesClose={[Function]}
      onIssuesOpen={[Function]}
      onSymbolClick={[Function]}
      openIssuesByLine={Object {}}
      renderDuplicationPopup={[Function]}
      sources={Array []}
      symbolsByLine={Object {}}
    />
  </div>
</ContextProvider>
`;
