// Jest Snapshot v1, https://goo.gl/fbAQLP

exports[`Should render correctly 1`] = `
<Fragment>
  <ConfirmButton
    confirmButtonText="delete"
    isDestructive={true}
    modalBody="application_console.branches.delete.warning_x.branch-6.7"
    modalHeader="application_console.branches.delete"
    onConfirm={[Function]}
  >
    <Component />
  </ConfirmButton>
</Fragment>
`;
