// Jest Snapshot v1, https://goo.gl/fbAQLP

exports[`should render correctly: default 1`] = `
<SimpleModal
  header="qualifiers.create.APP"
  onClose={[MockFunction]}
  onSubmit={[Function]}
  size="small"
>
  <Component />
</SimpleModal>
`;

exports[`should render correctly: form 1`] = `
<Modal
  contentLabel="qualifiers.create.APP"
  onRequestClose={[MockFunction]}
  size="small"
>
  <form
    className="views-form"
    onSubmit={[Function]}
  >
    <div
      className="modal-head"
    >
      <h2>
        qualifiers.create.APP
      </h2>
    </div>
    <div
      className="modal-body"
    >
      <MandatoryFieldsExplanation
        className="modal-field"
      />
      <div
        className="modal-field"
      >
        <label
          htmlFor="view-edit-name"
        >
          name
          <MandatoryFieldMarker />
        </label>
        <input
          autoFocus={true}
          id="view-edit-name"
          maxLength={100}
          name="name"
          onChange={[Function]}
          size={50}
          type="text"
          value=""
        />
      </div>
      <div
        className="modal-field"
      >
        <label
          htmlFor="view-edit-description"
        >
          description
        </label>
        <textarea
          id="view-edit-description"
          name="description"
          onChange={[Function]}
          value=""
        />
      </div>
      <div
        className="modal-field"
      >
        <label
          htmlFor="view-edit-key"
        >
          key
        </label>
        <input
          autoComplete="off"
          id="view-edit-key"
          maxLength={256}
          name="key"
          onChange={[Function]}
          size={256}
          type="text"
          value=""
        />
        <p
          className="modal-field-description"
        >
          onboarding.create_application.key.description
        </p>
      </div>
      <div
        className="modal-field"
      >
        <label>
          visibility
        </label>
        <div
          className="little-spacer-top"
        >
          <Radio
            checked={true}
            className="big-spacer-right visibility-public"
            key="public"
            onCheck={[Function]}
            value="public"
          >
            visibility.public
          </Radio>
          <Radio
            checked={false}
            className="big-spacer-right visibility-private"
            key="private"
            onCheck={[Function]}
            value="private"
          >
            visibility.private
          </Radio>
        </div>
      </div>
    </div>
    <div
      className="modal-foot"
    >
      <DeferredSpinner
        className="spacer-right"
        loading={false}
      />
      <SubmitButton
        disabled={true}
      >
        create
      </SubmitButton>
      <ResetButtonLink
        className="js-modal-close"
        id="view-edit-cancel"
        onClick={[Function]}
      >
        cancel
      </ResetButtonLink>
    </div>
  </form>
</Modal>
`;
