// Jest Snapshot v1, https://goo.gl/fbAQLP

exports[`should render correctly 1`] = `
<ConfirmModal
  confirmButtonText="copy"
  confirmDisable={true}
  header="quality_gates.copy"
  onClose={[MockFunction]}
  onConfirm={[Function]}
  size="small"
>
  <MandatoryFieldsExplanation
    className="modal-field"
  />
  <div
    className="modal-field"
  >
    <label
      htmlFor="quality-gate-form-name"
    >
      name
      <MandatoryFieldMarker />
    </label>
    <input
      autoFocus={true}
      id="quality-gate-form-name"
      maxLength={100}
      onChange={[Function]}
      required={true}
      size={50}
      type="text"
      value="qualitygate"
    />
  </div>
</ConfirmModal>
`;
