// Jest Snapshot v1, https://goo.gl/fbAQLP

exports[`ListStyleFacet's renderers should include renderFacetItem 1`] = `
<span>
  <QualifierIcon
    className="little-spacer-right"
    qualifier="TRK"
  />
  First Project Name
</span>
`;

exports[`ListStyleFacet's renderers should include renderSearchResult 1`] = `
<React.Fragment>
  <QualifierIcon
    className="little-spacer-right"
    qualifier="TRK"
  />
  <React.Fragment>
    <mark>
      First
    </mark>
     Project Name
  </React.Fragment>
</React.Fragment>
`;

exports[`should render correctly 1`] = `
<ListStyleFacet
  facetHeader="issues.facet.projects"
  fetching={false}
  getFacetItemText={[Function]}
  getSearchResultKey={[Function]}
  getSearchResultText={[Function]}
  loadSearchResultCount={[Function]}
  maxInitialItems={15}
  maxItems={100}
  minSearchLength={2}
  onChange={[MockFunction]}
  onSearch={[Function]}
  onToggle={[MockFunction]}
  open={false}
  property="projects"
  query={Object {}}
  renderFacetItem={[Function]}
  renderSearchResult={[Function]}
  searchPlaceholder="search.search_for_projects"
  values={Array []}
/>
`;
