// Jest Snapshot v1, https://goo.gl/fbAQLP

exports[`should not render developer nominative facets when asked not to 1`] = `
Array [
  "TypeFacet",
  "SeverityFacet",
  "ScopeFacet",
  "ResolutionFacet",
  "StatusFacet",
  "StandardFacet",
  "InjectIntl(CreationDateFacet)",
  "Connect(LanguageFacet)",
  "RuleFacet",
  "TagFacet",
  "ProjectFacet",
]
`;

exports[`should render facets for "APP" 1`] = `
Array [
  "TypeFacet",
  "SeverityFacet",
  "ScopeFacet",
  "ResolutionFacet",
  "StatusFacet",
  "StandardFacet",
  "InjectIntl(CreationDateFacet)",
  "Connect(LanguageFacet)",
  "RuleFacet",
  "TagFacet",
  "ProjectFacet",
  "AssigneeFacet",
  "AuthorFacet",
]
`;

exports[`should render facets for "BRC" 1`] = `
Array [
  "TypeFacet",
  "SeverityFacet",
  "ScopeFacet",
  "ResolutionFacet",
  "StatusFacet",
  "StandardFacet",
  "InjectIntl(CreationDateFacet)",
  "Connect(LanguageFacet)",
  "RuleFacet",
  "TagFacet",
  "DirectoryFacet",
  "FileFacet",
  "AssigneeFacet",
  "AuthorFacet",
]
`;

exports[`should render facets for "DEV" 1`] = `
Array [
  "TypeFacet",
  "SeverityFacet",
  "ScopeFacet",
  "ResolutionFacet",
  "StatusFacet",
  "StandardFacet",
  "InjectIntl(CreationDateFacet)",
  "Connect(LanguageFacet)",
  "RuleFacet",
  "TagFacet",
  "ProjectFacet",
  "DirectoryFacet",
  "FileFacet",
  "AssigneeFacet",
]
`;

exports[`should render facets for "DIR" 1`] = `
Array [
  "TypeFacet",
  "SeverityFacet",
  "ScopeFacet",
  "ResolutionFacet",
  "StatusFacet",
  "StandardFacet",
  "InjectIntl(CreationDateFacet)",
  "Connect(LanguageFacet)",
  "RuleFacet",
  "TagFacet",
  "FileFacet",
  "AssigneeFacet",
  "AuthorFacet",
]
`;

exports[`should render facets for "SVW" 1`] = `
Array [
  "TypeFacet",
  "SeverityFacet",
  "ScopeFacet",
  "ResolutionFacet",
  "StatusFacet",
  "StandardFacet",
  "InjectIntl(CreationDateFacet)",
  "Connect(LanguageFacet)",
  "RuleFacet",
  "TagFacet",
  "ProjectFacet",
  "AssigneeFacet",
  "AuthorFacet",
]
`;

exports[`should render facets for "VW" 1`] = `
Array [
  "TypeFacet",
  "SeverityFacet",
  "ScopeFacet",
  "ResolutionFacet",
  "StatusFacet",
  "StandardFacet",
  "InjectIntl(CreationDateFacet)",
  "Connect(LanguageFacet)",
  "RuleFacet",
  "TagFacet",
  "ProjectFacet",
  "AssigneeFacet",
  "AuthorFacet",
]
`;

exports[`should render facets for global page 1`] = `
Array [
  "TypeFacet",
  "SeverityFacet",
  "ScopeFacet",
  "ResolutionFacet",
  "StatusFacet",
  "StandardFacet",
  "InjectIntl(CreationDateFacet)",
  "Connect(LanguageFacet)",
  "RuleFacet",
  "TagFacet",
  "ProjectFacet",
  "AssigneeFacet",
  "AuthorFacet",
]
`;

exports[`should render facets for project 1`] = `
Array [
  "TypeFacet",
  "SeverityFacet",
  "ScopeFacet",
  "ResolutionFacet",
  "StatusFacet",
  "StandardFacet",
  "InjectIntl(CreationDateFacet)",
  "Connect(LanguageFacet)",
  "RuleFacet",
  "TagFacet",
  "DirectoryFacet",
  "FileFacet",
  "AssigneeFacet",
  "AuthorFacet",
]
`;

exports[`should render facets when my issues are selected 1`] = `
Array [
  "TypeFacet",
  "SeverityFacet",
  "ScopeFacet",
  "ResolutionFacet",
  "StatusFacet",
  "StandardFacet",
  "InjectIntl(CreationDateFacet)",
  "Connect(LanguageFacet)",
  "RuleFacet",
  "TagFacet",
  "ProjectFacet",
  "AuthorFacet",
]
`;
