// Jest Snapshot v1, https://goo.gl/fbAQLP

exports[`renders correctly 1`] = `
<td>
  <span
    className="little-spacer-right"
  >
    <QualifierIcon
      qualifier="TRK"
    />
  </span>
  <Link
    className="spacer-right"
    onlyActiveOnIndex={false}
    style={Object {}}
    to={
      Object {
        "pathname": "/dashboard",
        "query": Object {
          "branch": undefined,
          "id": "foo",
        },
      }
    }
  >
    Foo
  </Link>
  <TaskType
    type="REPORT"
  />
</td>
`;

exports[`renders correctly: branch 1`] = `
<td>
  <BranchIcon
    className="little-spacer-right"
  />
  <Link
    className="spacer-right"
    onlyActiveOnIndex={false}
    style={Object {}}
    to={
      Object {
        "pathname": "/dashboard",
        "query": Object {
          "branch": "feature",
          "id": "foo",
        },
      }
    }
  >
    Foo
    <span
      className="text-limited text-text-top"
      title="feature"
    >
      <span
        style={
          Object {
            "marginLeft": 5,
            "marginRight": 5,
          }
        }
      >
        /
      </span>
      feature
    </span>
  </Link>
  <TaskType
    type="REPORT"
  />
</td>
`;

exports[`renders correctly: branch 2`] = `
<td>
  <BranchIcon
    className="little-spacer-right"
  />
  <Link
    className="spacer-right"
    onlyActiveOnIndex={false}
    style={Object {}}
    to={
      Object {
        "pathname": "/dashboard",
        "query": Object {
          "branch": "branch-6.7",
          "id": "foo",
        },
      }
    }
  >
    Foo
    <span
      className="text-limited text-text-top"
      title="branch-6.7"
    >
      <span
        style={
          Object {
            "marginLeft": 5,
            "marginRight": 5,
          }
        }
      >
        /
      </span>
      branch-6.7
    </span>
  </Link>
  <TaskType
    type="REPORT"
  />
</td>
`;

exports[`renders correctly: portfolio 1`] = `
<td>
  <span
    className="little-spacer-right"
  >
    <QualifierIcon
      qualifier="VW"
    />
  </span>
  <Link
    className="spacer-right"
    onlyActiveOnIndex={false}
    style={Object {}}
    to={
      Object {
        "pathname": "/portfolio",
        "query": Object {
          "id": "foo",
        },
      }
    }
  >
    Foo
  </Link>
  <TaskType
    type="REPORT"
  />
</td>
`;

exports[`renders correctly: pull request 1`] = `
<td>
  <PullRequestIcon
    className="little-spacer-right"
  />
  <Link
    className="spacer-right"
    onlyActiveOnIndex={false}
    style={Object {}}
    to={
      Object {
        "pathname": "/dashboard",
        "query": Object {
          "id": "foo",
          "pullRequest": "pr-89",
        },
      }
    }
  >
    Foo
    <span
      className="text-limited text-text-top"
    >
      <span
        style={
          Object {
            "marginLeft": 5,
            "marginRight": 5,
          }
        }
      >
        /
      </span>
      pr-89
    </span>
  </Link>
  <TaskType
    type="REPORT"
  />
</td>
`;

exports[`renders correctly: undefined key 1`] = `
<td>
  <span
    className="note"
  >
    AXR8jg_0mF2ZsYr8Wzs2
  </span>
  <TaskType
    type="REPORT"
  />
</td>
`;
