// Jest Snapshot v1, https://goo.gl/fbAQLP

exports[`Shoud renders correctly 1`] = `
<div>
  <DownloadBuildWrapper
    os="linux"
  />
  <DownloadScanner
    os="linux"
  />
  <ExecBuildWrapper
    os="linux"
  />
  <ExecScanner
    cfamily={true}
    host="host"
    os="linux"
    projectKey="projectKey"
    token="token"
  />
</div>
`;
