// Jest Snapshot v1, https://goo.gl/fbAQLP

exports[`should render correctly 1`] = `
<div
  className="page page-limited about-page"
  id="about-page"
>
  <A11ySkipTarget
    anchor="about_main"
  />
  <div
    className="about-page-entry"
  >
    <div
      className="about-page-intro"
    >
      <h1
        className="big-spacer-bottom"
      >
        layout.sonar.slogan
      </h1>
      <Link
        className="button button-active big-spacer-right"
        onlyActiveOnIndex={false}
        style={Object {}}
        to="/sessions/new"
      >
        layout.login
      </Link>
      <Link
        className="button"
        onlyActiveOnIndex={false}
        style={Object {}}
        to="/documentation"
      >
        about_page.read_documentation
      </Link>
    </div>
    <div
      className="about-page-instance"
    >
      <AboutProjects
        count={5}
        loading={false}
      />
      <EntryIssueTypes
        bugs={10}
        codeSmells={5}
        loading={false}
        vulnerabilities={0}
      />
    </div>
  </div>
  <div
    className="about-page-section"
    dangerouslySetInnerHTML={
      Object {
        "__html": "Lorem ipsum",
      }
    }
  />
  <AboutLanguages />
  <AboutQualityModel />
  <div
    className="flex-columns"
  >
    <div
      className="flex-column flex-column-half about-page-group-boxes"
    >
      <AboutCleanCode />
    </div>
    <div
      className="flex-column flex-column-half about-page-group-boxes"
    >
      <AboutLeakPeriod />
    </div>
  </div>
  <div
    className="flex-columns"
  >
    <div
      className="flex-column flex-column-half about-page-group-boxes"
    >
      <AboutQualityGates />
    </div>
    <div
      className="flex-column flex-column-half about-page-group-boxes"
    >
      <AboutStandards />
    </div>
  </div>
  <AboutScanners />
</div>
`;

exports[`should render correctly: when indexation not complete 1`] = `
<div
  className="page page-limited about-page"
  id="about-page"
>
  <A11ySkipTarget
    anchor="about_main"
  />
  <div
    className="about-page-entry"
  >
    <div
      className="about-page-intro"
    >
      <h1
        className="big-spacer-bottom"
      >
        layout.sonar.slogan
      </h1>
      <Link
        className="button button-active big-spacer-right"
        onlyActiveOnIndex={false}
        style={Object {}}
        to="/sessions/new"
      >
        layout.login
      </Link>
      <Link
        className="button"
        onlyActiveOnIndex={false}
        style={Object {}}
        to="/documentation"
      >
        about_page.read_documentation
      </Link>
    </div>
    <div
      className="about-page-instance"
    >
      <AboutProjects
        count={0}
        loading={true}
      />
    </div>
  </div>
  <div
    className="about-page-section"
    dangerouslySetInnerHTML={
      Object {
        "__html": "Lorem ipsum",
      }
    }
  />
  <AboutLanguages />
  <AboutQualityModel />
  <div
    className="flex-columns"
  >
    <div
      className="flex-column flex-column-half about-page-group-boxes"
    >
      <AboutCleanCode />
    </div>
    <div
      className="flex-column flex-column-half about-page-group-boxes"
    >
      <AboutLeakPeriod />
    </div>
  </div>
  <div
    className="flex-columns"
  >
    <div
      className="flex-column flex-column-half about-page-group-boxes"
    >
      <AboutQualityGates />
    </div>
    <div
      className="flex-column flex-column-half about-page-group-boxes"
    >
      <AboutStandards />
    </div>
  </div>
  <AboutScanners />
</div>
`;
